// Jest Snapshot v1, https://goo.gl/fbAQLP

exports[`<UserCard /> should render the UserCard component 1`] = `
.c0 {
  display: -webkit-box;
  display: -webkit-flex;
  display: -ms-flexbox;
  display: flex;
  -webkit-align-items: center;
  -webkit-box-align: center;
  -ms-flex-align: center;
  align-items: center;
  -webkit-flex-direction: column;
  -ms-flex-direction: column;
  flex-direction: column;
  padding: 3.2rem;
  box-shadow: 0px 3px 6px #00000029;
  border-radius: 0.4rem;
  background: #ffffff;
  cursor: pointer;
  -webkit-transition: -webkit-transform 0.3s;
  -webkit-transition: transform 0.3s;
  transition: transform 0.3s;
}

.c0:hover {
  -webkit-transform: translateY(-1rem);
  -ms-transform: translateY(-1rem);
  transform: translateY(-1rem);
}

.c1 {
  height: 15rem;
  width: 15rem;
  border-radius: 50%;
  object-fit: cover;
  background: #f6f7f8;
  background-image: linear-gradient( to right, #f6f7f8 0%, #edeef1 20%, #f6f7f8 40%, #f6f7f8 100% );
  background-size: 80rem 14rem;
  -webkit-animation: placeholderShimmer 1s linear infinite forwards;
  animation: placeholderShimmer 1s linear infinite forwards;
}

.c2 {
  margin-top: 2.4rem;
  text-align: center;
}

.c4 {
  font-size: 1.8rem;
  color: #808080;
}

.c3 {
  font-size: 1.8rem;
}

<article
  class="c0"
>
  <img
    alt="JonasTeixeira42"
    class="c1"
    src="https://source.unsplash.com/random/100x100"
  />
  <div
    class="c2"
  >
    <h2
      class="c3"
    >
      JonasTeixeira42
    </h2>
    <h3
      class="c4"
    >
      1
    </h3>
  </div>
</article>
`;
